// Jest Snapshot v1, https://goo.gl/fbAQLP

exports[`UT for Character screen should reder the Character List 1`] = `
<RCTScrollView
  data={Array []}
  getItem={[Function]}
  getItemCount={[Function]}
  keyExtractor={[Function]}
  onContentSizeChange={[Function]}
  onLayout={[Function]}
  onMomentumScrollBegin={[Function]}
  onMomentumScrollEnd={[Function]}
  onScroll={[Function]}
  onScrollBeginDrag={[Function]}
  onScrollEndDrag={[Function]}
  removeClippedSubviews={false}
  renderItem={[Function]}
  scrollEventThrottle={50}
  stickyHeaderIndices={Array []}
  style={
    Object {
      "flexGrow": 1,
      "marginTop": 20,
    }
  }
  testID="characters.mainContainer"
  viewabilityConfigCallbackPairs={Array []}
>
  <View />
</RCTScrollView>
`;
